../Core/Src/ssd1306.c:9:6:ssd1306_Reset	8	static
../Core/Src/ssd1306.c:17:6:ssd1306_WriteCommand	32	static
../Core/Src/ssd1306.c:22:6:ssd1306_WriteData	32	static
../Core/Src/ssd1306.c:67:17:ssd1306_FillBuffer	24	static
../Core/Src/ssd1306.c:77:6:ssd1306_Init	8	static
../Core/Src/ssd1306.c:186:6:ssd1306_ScrollRight	16	static
../Core/Src/ssd1306.c:199:6:ssd1306_ScrollLeft	16	static
../Core/Src/ssd1306.c:217:6:ssd1306_ScrollStop	8	static
../Core/Src/ssd1306.c:223:6:ssd1306_Fill	24	static
../Core/Src/ssd1306.c:233:6:ssd1306_UpdateScreen	16	static
../Core/Src/ssd1306.c:248:6:ssd1306_UpdateScreenRightSide	24	static
../Core/Src/ssd1306.c:261:6:ssd1306_DrawPixel	16	static
../Core/Src/ssd1306.c:279:6:ssd1306_WriteChar	48	static
../Core/Src/ssd1306.c:314:6:ssd1306_WriteString	24	static
../Core/Src/ssd1306.c:331:6:ssd1306_SetCursor	16	static
../Core/Src/ssd1306.c:337:6:ssd1306_Line	48	static
../Core/Src/ssd1306.c:373:6:ssd1306_Polyline	40	static
../Core/Src/ssd1306.c:387:14:ssd1306_DegToRad	16	static
../Core/Src/ssd1306.c:391:17:ssd1306_NormalizeTo0_360	24	static
../Core/Src/ssd1306.c:408:6:ssd1306_DrawArc	56	static
../Core/Src/ssd1306.c:445:6:ssd1306_DrawCircle	40	static
../Core/Src/ssd1306.c:490:6:ssd1306_DrawRectangle	32	static
../Core/Src/ssd1306.c:501:6:ssd1306_DrawBitmap	24	static
../Core/Src/ssd1306.c:523:6:ssd1306_SetContrast	24	static
../Core/Src/ssd1306.c:529:6:ssd1306_SetDisplayOn	24	static
../Core/Src/ssd1306.c:541:9:ssd1306_GetDisplayOn	4	static
../Core/Src/ssd1306.c:545:6:softScrollLeft	16	static
../Core/Src/ssd1306.c:554:6:softScrollRight	16	static
