../Core/Src/main.c:63:6:setPwm	16	static
../Core/Src/main.c:67:6:setMotorStop	8	static
../Core/Src/main.c:73:6:setMotorStart	16	static
../Core/Src/main.c:85:6:map	24	static
../Core/Src/main.c:94:5:main	24	static
../Core/Src/main.c:156:6:SystemClock_Config	88	static
../Core/Src/main.c:198:13:MX_ADC1_Init	24	static
../Core/Src/main.c:259:13:MX_TIM1_Init	96	static
../Core/Src/main.c:332:13:MX_DMA_Init	16	static
../Core/Src/main.c:350:13:MX_GPIO_Init	40	static
../Core/Src/main.c:378:6:Error_Handler	4	static,ignoring_inline_asm
